Unstable API 'Deno.UnsafePointerView#getInt8'. The `--unstable-ffi` flag must be provided.
