Unstable API 'Deno.UnsafePointer#value'. The `--unstable-ffi` flag must be provided.
