Unstable API 'Deno.UnsafePointerView#getCString'. The `--unstable-ffi` flag must be provided.
