Unstable API 'Deno.UnsafePointerView#getBigUint64'. The `--unstable-ffi` flag must be provided.
