Unstable API 'Deno.dlopen'. The `--unstable-ffi` flag must be provided.
