Unstable API 'Deno.UnsafePointerView#getUint16'. The `--unstable-ffi` flag must be provided.
