Unstable API 'Deno.UnsafePointerView#getArrayBuffer'. The `--unstable-ffi` flag must be provided.
