Unstable API 'Deno.UnsafePointer#create'. The `--unstable-ffi` flag must be provided.
