Unstable API 'Deno.UnsafePointer#equals'. The `--unstable-ffi` flag must be provided.
