Unstable API 'Deno.UnsafePointerView#getInt32'. The `--unstable-ffi` flag must be provided.
