Unstable API 'Deno.UnsafePointerView#getUint32'. The `--unstable-ffi` flag must be provided.
