Unstable API 'Deno.UnsafePointer#of'. The `--unstable-ffi` flag must be provided.
