Unstable API 'Deno.UnsafePointerView#getFloat32'. The `--unstable-ffi` flag must be provided.
