Unstable API 'Deno.UnsafePointerView#copyInto'. The `--unstable-ffi` flag must be provided.
