Unstable API 'Deno.UnsafePointerView#getInt16'. The `--unstable-ffi` flag must be provided.
