Unstable API 'Deno.UnsafePointerView#getFloat64'. The `--unstable-ffi` flag must be provided.
