Unstable API 'Deno.UnsafeFnPointer#call'. The `--unstable-ffi` flag must be provided.
