Unstable API 'Deno.UnsafePointerView#getUint8'. The `--unstable-ffi` flag must be provided.
