Checking fast check type graph for errors...
Ensuring type checks...
Check [WILDCARD]
Warning Aborting due to --dry-run
