Checking fast check type graph for errors...
Ensuring type checks...
Check file:///[WILDCARD]/javascript_decl_file/mod.js
Publishing @foo/bar@1.0.0 ...
Successfully published @foo/bar@1.0.0
Visit http://127.0.0.1:4250/@foo/bar@1.0.0 for details
