error: Couldn't find a deno.json or a deno.jsonc configuration file in [WILDCARD]