Checking fast check type graph for errors...
Ensuring type checks...
Download http://localhost:4545/npm/registry/@types/node
Download http://localhost:4545/npm/registry/@types/node/node-[WILDCARD].tgz
Check file:///[WILDCARD]/publish/node_specifier/mod.ts
Publishing @foo/bar@1.0.0 ...
Successfully published @foo/bar@1.0.0
Visit http://127.0.0.1:4250/@foo/bar@1.0.0 for details
