Publishing a workspace...
Checking fast check type graph for errors...
Ensuring type checks...
Check file:///[WILDCARD]/workspace/foo/mod.ts
Check file:///[WILDCARD]/workspace/bar/mod.ts
Publishing @foo/bar@1.0.0 ...
Successfully published @foo/bar@1.0.0
Visit http://127.0.0.1:4250/@foo/bar@1.0.0 for details
Publishing @foo/foo@1.0.0 ...
Successfully published @foo/foo@1.0.0
Visit http://127.0.0.1:4250/@foo/foo@1.0.0 for details
