error[no-explicit-any]: `any` type is not allowed
 --> [WILDCARD]$deno$stdin.ts:1:9
  | 
1 | let _a: any;
  |         ^^^
  = hint: Use a specific type other than `any`

  docs: https://lint.deno.land/#no-explicit-any


Found 1 problem
Checked 1 file
