Warning "deno jupyter" is unstable and might change in the future.
error: Failed to spawn 'jupyter' command. Is JupyterLab installed (https://jupyter.org/install) and available on the PATH?

Caused by:
[WILDCARD]
