⚠️ Warning: `deno bundle` is deprecated and will be removed in Deno 2.0.
Use an alternative bundler like "deno_emit", "esbuild" or "rollup" instead.
Bundle file:///[WILDCARD]/subdir/shebang_file.js
#!/usr/bin/env -S deno run --allow-read
// deno-fmt-ignore-file
// deno-lint-ignore-file
// This code was bundled using `deno bundle` and it's not recommended to edit it manually

for (const item of Deno.readDirSync(".")){
    console.log(item.name);
}

