⚠️ The `--jobs` flag is deprecated and will be removed in Deno 2.0.
Use the `--parallel` flag with possibly the `DENO_JOBS` environment variable instead.
Learn more at: https://docs.deno.com/runtime/manual/basics/env_variables
Check [WILDCARD]/test/short-pass.ts
./test/short-pass.ts => test ... ok ([WILDCARD])

ok | 1 passed | 0 failed ([WILDCARD])

