Warning The `--env` flag was used, but the dotenv file 'missing' was not found.
undefined
undefined
undefined
