main [AsyncFunction: flock]
main [Function: flockSync]
main [AsyncFunction: funlock]
main [Function: funlockSync]
main [Function: umask]
worker [AsyncFunction: flock]
worker [Function: flockSync]
worker [AsyncFunction: funlock]
worker [Function: funlockSync]
worker [Function: umask]
